
> samvaad@0.1.0 build
> next build

  Ôû▓ Next.js 14.2.35

   Creating an optimized production build ...
 Ô£ô Compiled successfully
   Linting and checking validity of types ...
node.exe : 
At C:\Program Files\nod
ejs\npm.ps1:29 char:3
+   & $NODE_EXE 
$NPM_CLI_JS $args
+   ~~~~~~~~~~~~~~~~~~~
~~~~~~~~~~
    + CategoryInfo     
         : NotSpecifi  
  ed: (:String) [],    
 RemoteException
    + FullyQualifiedEr 
   rorId : NativeComm  
  andError
 
Failed to compile.

./src/app/dashboard/pag
e.tsx
167:17  Warning: Using 
`<img>` could result 
in slower LCP and 
higher bandwidth. 
Consider using `<Image 
/>` from `next/image` 
to automatically 
optimize images. This 
may incur additional 
usage or cost from 
your provider. See: htt
ps://nextjs.org/docs/me
ssages/no-img-element  
@next/next/no-img-eleme
nt
172:21  Warning: Using 
`<img>` could result 
in slower LCP and 
higher bandwidth. 
Consider using `<Image 
/>` from `next/image` 
to automatically 
optimize images. This 
may incur additional 
usage or cost from 
your provider. See: htt
ps://nextjs.org/docs/me
ssages/no-img-element  
@next/next/no-img-eleme
nt

./src/app/page.tsx
29:1  Warning: Using 
`<img>` could result 
in slower LCP and 
higher bandwidth. 
Consider using `<Image 
/>` from `next/image` 
to automatically 
optimize images. This 
may incur additional 
usage or cost from 
your provider. See: htt
ps://nextjs.org/docs/me
ssages/no-img-element  
@next/next/no-img-eleme
nt
63:1  Warning: Using 
`<img>` could result 
in slower LCP and 
higher bandwidth. 
Consider using `<Image 
/>` from `next/image` 
to automatically 
optimize images. This 
may incur additional 
usage or cost from 
your provider. See: htt
ps://nextjs.org/docs/me
ssages/no-img-element  
@next/next/no-img-eleme
nt

./src/components/Compli
ancePanel.tsx
36:93  Error: `"` can 
be escaped with 
`&quot;`, `&ldquo;`, 
`&#34;`, `&rdquo;`.  re
act/no-unescaped-entiti
es
36:109  Error: `"` can 
be escaped with 
`&quot;`, `&ldquo;`, 
`&#34;`, `&rdquo;`.  re
act/no-unescaped-entiti
es

./src/components/Docume
ntReader.tsx
8:9  Warning: Using 
`<img>` could result 
in slower LCP and 
higher bandwidth. 
Consider using `<Image 
/>` from `next/image` 
to automatically 
optimize images. This 
may incur additional 
usage or cost from 
your provider. See: htt
ps://nextjs.org/docs/me
ssages/no-img-element  
@next/next/no-img-eleme
nt

./src/components/Emotio
nIndicator.tsx
53:64  Error: `"` can 
be escaped with 
`&quot;`, `&ldquo;`, 
`&#34;`, `&rdquo;`.  re
act/no-unescaped-entiti
es
53:113  Error: `"` can 
be escaped with 
`&quot;`, `&ldquo;`, 
`&#34;`, `&rdquo;`.  re
act/no-unescaped-entiti
es

./src/components/FraudA
lertBanner.tsx
7:82  Error: `"` can 
be escaped with 
`&quot;`, `&ldquo;`, 
`&#34;`, `&rdquo;`.  re
act/no-unescaped-entiti
es
7:123  Error: `"` can 
be escaped with 
`&quot;`, `&ldquo;`, 
`&#34;`, `&rdquo;`.  re
act/no-unescaped-entiti
es

./src/components/Sessio
nSummaryModal.tsx
162:15  Warning: Using 
`<img>` could result 
in slower LCP and 
higher bandwidth. 
Consider using `<Image 
/>` from `next/image` 
to automatically 
optimize images. This 
may incur additional 
usage or cost from 
your provider. See: htt
ps://nextjs.org/docs/me
ssages/no-img-element  
@next/next/no-img-eleme
nt
165:15  Warning: Using 
`<img>` could result 
in slower LCP and 
higher bandwidth. 
Consider using `<Image 
/>` from `next/image` 
to automatically 
optimize images. This 
may incur additional 
usage or cost from 
your provider. See: htt
ps://nextjs.org/docs/me
ssages/no-img-element  
@next/next/no-img-eleme
nt

info  - Need to 
disable some ESLint 
rules? Learn more 
here: https://nextjs.or
g/docs/basic-features/e
slint#disabling-rules
